WorkerThreadPool: 12 threads, 3 max low-priority.
Godot Engine v4.6.1.stable.official.14d19694e - https://godotengine.org
TextServer: Added interface "Dummy"
TextServer: Added interface "ICU / HarfBuzz / Graphite (Built-in)"
Unrecognized output string "misc2" in mapping:
030000007e0500006920000001010000,Nintendo Switch 2 Pro Controller,a:b0,b:b1,back:b14,dpdown:b8,dpleft:b10,dpright:b9,dpup:b11,guide:b16,leftshoulder:b12,leftstick:b15,lefttrigger:b13,leftx:a0,lefty:a1~,misc1:b17,misc2:b20,paddle1:b18,paddle2:b19,rightshoulder:b4,rightstick:b7,righttrigger:b5,rightx:a2,righty:a3~,start:b6,x:b2,y:b3,platform:Mac OS X,
SDL: Init OK!
Using "default" pen tablet driver...
OpenGL debugging not supported!
Shader 'CanvasSdfShaderGLES3' SHA256: 854de5fbb9e76d368b67d6654e8094a351a1fb66fb8acc943cb2d009584279bf
Shader 'SkeletonShaderGLES3' SHA256: 69e1613698ac797f5c8e1c28181be2b28e5b5b01e0334f0be28d2dcfdc8a50f5
Shader 'ParticlesShaderGLES3' SHA256: 92ab293e0483294f63ad1258f053a8ffbd61f3483f50a24a40206fba0c3234a9
Shader 'ParticlesCopyShaderGLES3' SHA256: fc09949b9f49b0d750fc24c5b7d63e1d696e705677245e0bbde7183ceeba7611
Shader 'CopyShaderGLES3' SHA256: 0d08e2a188d4c762fe50d9ec7e98c67a4d098c80a1df013cd73d5a7526260da4
Shader 'CubemapFilterShaderGLES3' SHA256: 523772fc9c9910ec5baf18d24e126b1188fb87404e7ba7ae7118f860c0a6eb43
Shader 'GlowShaderGLES3' SHA256: 734b9c7fe148a9bb6253bed7a0ac2f8dc48aa8300d10a6eddf71fab0342aa628
Shader 'PostShaderGLES3' SHA256: 5d1d2c064da037274880c998f343d0b0a7264b54f919f5c8fe9c92e53c313efe
Shader 'FeedShaderGLES3' SHA256: 4b1fd2a203de6e0c5ac0d2853b19ff1a1c7300fed26635a1a198fd9f81be4b31
Shader 'CanvasShaderGLES3' SHA256: db69a505f7d7a20f279cd4fa1d3029578ffb2323087b9e9010554b12bb147f15
Shader 'CanvasOcclusionShaderGLES3' SHA256: 187b4530bdaa2df07ea421751ed0468869fbd31ed063e882919f01b0c3d240de
Shader 'SceneShaderGLES3' SHA256: c71f1e8271ed1f8aab60287569b7b06501f16d635fdfd9f02fe951d4771491d8
Shader 'SkyShaderGLES3' SHA256: 1e217402dc396e99b723767a9977c261826969e01c3a4be50179023cc08f68e8
OpenGL API 4.1 Metal - 90.5 - Compatibility - Using Device: Apple - Apple M3 Pro
CoreAudio: detected 2 channels
CoreAudio: output sampling rate: 48000 Hz
CoreAudio: output audio buffer frames: 512 calculated latency: 10ms

TextServer: Primary interface set to: "ICU / HarfBuzz / Graphite (Built-in)".
CORE API HASH: 75400357
EDITOR API HASH: 3012763406
SceneTreeFTI: traversal method DEFAULT
Loading resource: res://scripts/autoloads/EventBus.gd
WARNING: The signal "peg_hit" is declared but never explicitly used in the class.
     at: GDScript::reload (res://scripts/autoloads/EventBus.gd:6)
WARNING: The signal "ball_entered_pocket" is declared but never explicitly used in the class.
     at: GDScript::reload (res://scripts/autoloads/EventBus.gd:7)
WARNING: The signal "ball_lost" is declared but never explicitly used in the class.
     at: GDScript::reload (res://scripts/autoloads/EventBus.gd:8)
WARNING: The signal "peg_state_changed" is declared but never explicitly used in the class.
     at: GDScript::reload (res://scripts/autoloads/EventBus.gd:11)
WARNING: The signal "peg_destroyed" is declared but never explicitly used in the class.
     at: GDScript::reload (res://scripts/autoloads/EventBus.gd:12)
WARNING: The signal "peg_spawned" is declared but never explicitly used in the class.
     at: GDScript::reload (res://scripts/autoloads/EventBus.gd:13)
WARNING: The signal "synergy_activated" is declared but never explicitly used in the class.
     at: GDScript::reload (res://scripts/autoloads/EventBus.gd:16)
WARNING: The signal "synergy_broken" is declared but never explicitly used in the class.
     at: GDScript::reload (res://scripts/autoloads/EventBus.gd:17)
WARNING: The signal "synergy_scaled" is declared but never explicitly used in the class.
     at: GDScript::reload (res://scripts/autoloads/EventBus.gd:18)
WARNING: The signal "drop_started" is declared but never explicitly used in the class.
     at: GDScript::reload (res://scripts/autoloads/EventBus.gd:21)
WARNING: The signal "drop_ended" is declared but never explicitly used in the class.
     at: GDScript::reload (res://scripts/autoloads/EventBus.gd:22)
WARNING: The signal "chaos_drop_triggered" is declared but never explicitly used in the class.
     at: GDScript::reload (res://scripts/autoloads/EventBus.gd:23)
WARNING: The signal "enemy_turn_start" is declared but never explicitly used in the class.
     at: GDScript::reload (res://scripts/autoloads/EventBus.gd:26)
WARNING: The signal "enemy_action" is declared but never explicitly used in the class.
     at: GDScript::reload (res://scripts/autoloads/EventBus.gd:27)
WARNING: The signal "enemy_defeated" is declared but never explicitly used in the class.
     at: GDScript::reload (res://scripts/autoloads/EventBus.gd:28)
WARNING: The signal "player_stability_changed" is declared but never explicitly used in the class.
     at: GDScript::reload (res://scripts/autoloads/EventBus.gd:29)
WARNING: The signal "node_selected" is declared but never explicitly used in the class.
     at: GDScript::reload (res://scripts/autoloads/EventBus.gd:32)
WARNING: The signal "encounter_started" is declared but never explicitly used in the class.
     at: GDScript::reload (res://scripts/autoloads/EventBus.gd:33)
WARNING: The signal "encounter_ended" is declared but never explicitly used in the class.
     at: GDScript::reload (res://scripts/autoloads/EventBus.gd:34)
WARNING: The signal "run_ended" is declared but never explicitly used in the class.
     at: GDScript::reload (res://scripts/autoloads/EventBus.gd:35)
WARNING: The signal "draft_choice_made" is declared but never explicitly used in the class.
     at: GDScript::reload (res://scripts/autoloads/EventBus.gd:38)
WARNING: The signal "shop_purchase" is declared but never explicitly used in the class.
     at: GDScript::reload (res://scripts/autoloads/EventBus.gd:39)
WARNING: The signal "relic_acquired" is declared but never explicitly used in the class.
     at: GDScript::reload (res://scripts/autoloads/EventBus.gd:40)
Loading resource: res://scripts/autoloads/RunState.gd
WARNING: The function parameter "seed" has the same name as a built-in function.
     at: GDScript::reload (res://scripts/autoloads/RunState.gd:31)
Loading resource: res://scripts/autoloads/GhostBoardManager.gd
Loading resource: res://scripts/autoloads/SynergyChecker.gd
Loading resource: res://scripts/autoloads/AudioManager.gd
Loading resource: res://scripts/autoloads/MutationEngine.gd
WARNING: The parameter "peg" is never used in the function "_get_local_corruption()". If this is intended, prefix it with an underscore: "_peg".
     at: GDScript::reload (res://scripts/autoloads/MutationEngine.gd:71)
Loaded system CA certificates
Loading resource: res://scenes/menus/MainMenu.tscn
Loading resource: res://scripts/ui/MainMenu.gd
Loading resource: res://scenes/game/Board.tscn
Loading resource: res://scripts/game/Board.gd
Loading resource: res://scenes/game/pegs/StonePeg.tscn
Loading resource: res://scripts/game/pegs/StonePeg.gd
Loading resource: res://scenes/game/pegs/BasePeg.tscn
Loading resource: res://scenes/game/pegs/BonePeg.tscn
Loading resource: res://scripts/game/pegs/BonePeg.gd
Loading resource: res://scenes/game/pegs/FungalPeg.tscn
Loading resource: res://scripts/game/pegs/FungalPeg.gd
WARNING: The local function parameter "position" is shadowing an already-declared property in the base class "Node2D".
     at: GDScript::reload (res://scripts/game/pegs/FungalPeg.gd:73)
     GDScript backtrace (most recent call first):
         [0] _on_start_pressed (res://scripts/ui/MainMenu.gd:9)
Loading resource: res://scenes/game/pegs/EmberPeg.tscn
Loading resource: res://scripts/game/pegs/EmberPeg.gd
Loading resource: res://scenes/game/pegs/EyePeg.tscn
Loading resource: res://scripts/game/pegs/EyePeg.gd
Loading resource: res://scenes/game/pegs/HeartPeg.tscn
Loading resource: res://scripts/game/pegs/HeartPeg.gd
Loading resource: res://scenes/game/pegs/OraclePeg.tscn
Loading resource: res://scripts/game/pegs/OraclePeg.gd
Loading resource: res://scenes/game/pegs/VoidRiftPeg.tscn
Loading resource: res://scripts/game/pegs/VoidRiftPeg.gd
WARNING: The parameter "old_state" is never used in the function "_on_peg_state_changed()". If this is intended, prefix it with an underscore: "_old_state".
     at: GDScript::reload (res://scripts/game/CorruptionMapManager.gd:36)
     GDScript backtrace (most recent call first):
         [0] _on_start_pressed (res://scripts/ui/MainMenu.gd:9)
WARNING: The class variable "_pocket_scene" is declared but never used in the class.
     at: GDScript::reload (res://scripts/game/Board.gd:19)
     GDScript backtrace (most recent call first):
         [0] _on_start_pressed (res://scripts/ui/MainMenu.gd:9)
WARNING: Integer division. Decimal part will be discarded.
     at: GDScript::reload (res://scripts/game/Board.gd:59)
     GDScript backtrace (most recent call first):
         [0] _on_start_pressed (res://scripts/ui/MainMenu.gd:9)
WARNING: Integer division. Decimal part will be discarded.
     at: GDScript::reload (res://scripts/game/Board.gd:72)
     GDScript backtrace (most recent call first):
         [0] _on_start_pressed (res://scripts/ui/MainMenu.gd:9)
WARNING: Integer division. Decimal part will be discarded.
     at: GDScript::reload (res://scripts/game/Board.gd:87)
     GDScript backtrace (most recent call first):
         [0] _on_start_pressed (res://scripts/ui/MainMenu.gd:9)
WARNING: The parameter "pocket_type" is never used in the function "_on_pocket_body_entered()". If this is intended, prefix it with an underscore: "_pocket_type".
     at: GDScript::reload (res://scripts/game/Board.gd:150)
     GDScript backtrace (most recent call first):
         [0] _on_start_pressed (res://scripts/ui/MainMenu.gd:9)
WARNING: Integer division. Decimal part will be discarded.
     at: GDScript::reload (res://scripts/game/Board.gd:161)
     GDScript backtrace (most recent call first):
         [0] _on_start_pressed (res://scripts/ui/MainMenu.gd:9)
WARNING: The local variable "material" is shadowing an already-declared property in the base class "CanvasItem".
     at: GDScript::reload (res://scripts/game/Board.gd:190)
     GDScript backtrace (most recent call first):
         [0] _on_start_pressed (res://scripts/ui/MainMenu.gd:9)
Loading resource: res://scenes/game/BallSpawner.tscn
Loading resource: res://scripts/game/BallSpawner.gd
Loading resource: res://scenes/game/Ball.tscn
Loading resource: res://scripts/game/Ball.gd
Loading resource: res://scenes/game/PhysicsDebugOverlay.tscn
Loading resource: res://scripts/game/PhysicsDebugOverlay.gd
WARNING: The local variable "transform" is shadowing an already-declared property in the base class "Node2D".
     at: GDScript::reload (res://scripts/game/PhysicsDebugOverlay.gd:93)
     GDScript backtrace (most recent call first):
         [0] _on_start_pressed (res://scripts/ui/MainMenu.gd:9)
WARNING: The local variable "transform" is shadowing an already-declared property in the base class "Node2D".
     at: GDScript::reload (res://scripts/game/PhysicsDebugOverlay.gd:112)
     GDScript backtrace (most recent call first):
         [0] _on_start_pressed (res://scripts/ui/MainMenu.gd:9)
WARNING: The local function parameter "position" is shadowing an already-declared property in the base class "Node2D".
     at: GDScript::reload (res://scripts/game/PhysicsDebugOverlay.gd:212)
     GDScript backtrace (most recent call first):
         [0] _on_start_pressed (res://scripts/ui/MainMenu.gd:9)
Loading resource: res://shaders/peg_state.gdshader
Loading resource: res://shaders/corruption_spread.gdshader
SCRIPT ERROR: Invalid type in function 'play_peg_tone' in base 'Node (AudioManager.gd)'. Cannot convert argument 1 from int to String.
          at: _on_peg_hit (res://scripts/autoloads/AudioManager.gd:32)
          GDScript backtrace (most recent call first):
              [0] _on_peg_hit (res://scripts/autoloads/AudioManager.gd:32)
              [1] _on_body_entered (res://scripts/game/pegs/BasePeg.gd:82)

Debugger Break, Reason: 'Invalid type in function 'play_peg_tone' in base 'Node (AudioManager.gd)'. Cannot convert argument 1 from int to String.'
*Frame 0 - res://scripts/autoloads/AudioManager.gd:32 in function '_on_peg_hit'
Enter "help" for assistance.
debug> SCRIPT ERROR: Invalid call. Nonexistent function 'has' in base 'RigidBody2D (Ball)'.
          at: _on_peg_hit (res://scripts/game/PhysicsDebugOverlay.gd:229)
          GDScript backtrace (most recent call first):
              [0] _on_peg_hit (res://scripts/game/PhysicsDebugOverlay.gd:229)
              [1] _on_body_entered (res://scripts/game/pegs/BasePeg.gd:82)

Debugger Break, Reason: 'Invalid call. Nonexistent function 'has' in base 'RigidBody2D (Ball)'.'
*Frame 0 - res://scripts/game/PhysicsDebugOverlay.gd:229 in function '_on_peg_hit'
Enter "help" for assistance.
debug> XR: Clearing primary interface
XR: Removed interface "Native mobile"
XR: Removed interface "OpenXR"
